Usign verible-verilog-format version v0.0-520-g650c6cc
Commit	2020-08-06 11:55:13 -0700
Built	2020-08-06T19:47:56Z
hw/ip/aes/dv/aes_model_dpi/aes_model_dpi_pkg.sv
hw/ip/aes/dv/env/aes_env.sv
hw/ip/aes/dv/env/aes_env_cfg.sv
hw/ip/aes/dv/env/aes_env_cov.sv
hw/ip/aes/dv/env/aes_env_pkg.sv
hw/ip/aes/dv/env/aes_message_item.sv
hw/ip/aes/dv/env/aes_scoreboard.sv
hw/ip/aes/dv/env/aes_seq_item.sv
hw/ip/aes/dv/env/aes_virtual_sequencer.sv
hw/ip/aes/dv/env/seq_lib/aes_base_vseq.sv
hw/ip/aes/dv/env/seq_lib/aes_common_vseq.sv
hw/ip/aes/dv/env/seq_lib/aes_stress_vseq.sv
hw/ip/aes/dv/env/seq_lib/aes_wake_up_vseq.sv
hw/ip/aes/dv/sva/aes_bind.sv
hw/ip/aes/dv/tb/tb.sv
hw/ip/aes/dv/tests/aes_base_test.sv
hw/ip/aes/dv/tests/aes_sanity_test.sv
hw/ip/aes/dv/tests/aes_stress_test.sv
hw/ip/aes/dv/tests/aes_wake_up_test.sv
hw/ip/aes/pre_dv/aes_sbox_lec/aes_sbox_masked_wrapper.sv
hw/ip/aes/pre_dv/aes_sbox_tb/rtl/aes_sbox_tb.sv
hw/ip/alert_handler/dv/env/alert_handler_env.sv
hw/ip/alert_handler/dv/env/alert_handler_env_cfg.sv
hw/ip/alert_handler/dv/env/alert_handler_env_cov.sv
hw/ip/alert_handler/dv/env/alert_handler_env_pkg.sv
hw/ip/alert_handler/dv/env/alert_handler_scoreboard.sv
hw/ip/alert_handler/dv/env/alert_handler_virtual_sequencer.sv
hw/ip/alert_handler/dv/env/seq_lib/alert_handler_base_vseq.sv
hw/ip/alert_handler/dv/env/seq_lib/alert_handler_common_vseq.sv
hw/ip/alert_handler/dv/env/seq_lib/alert_handler_entropy_vseq.sv
hw/ip/alert_handler/dv/env/seq_lib/alert_handler_esc_alert_accum_vseq.sv
hw/ip/alert_handler/dv/env/seq_lib/alert_handler_esc_intr_timeout_vseq.sv
hw/ip/alert_handler/dv/env/seq_lib/alert_handler_ping_rsp_fail_vseq.sv
hw/ip/alert_handler/dv/env/seq_lib/alert_handler_random_alerts_vseq.sv
hw/ip/alert_handler/dv/env/seq_lib/alert_handler_sanity_vseq.sv
hw/ip/alert_handler/dv/env/seq_lib/alert_handler_sig_int_fail_vseq.sv
hw/ip/alert_handler/dv/env/seq_lib/alert_handler_stress_all_vseq.sv
hw/ip/alert_handler/dv/sva/alert_handler_bind.sv
hw/ip/alert_handler/dv/tb/tb.sv
hw/ip/alert_handler/dv/tests/alert_handler_base_test.sv
hw/ip/entropy_src/dv/env/entropy_src_env.sv
hw/ip/entropy_src/dv/env/entropy_src_env_cfg.sv
hw/ip/entropy_src/dv/env/entropy_src_env_cov.sv
hw/ip/entropy_src/dv/env/entropy_src_env_pkg.sv
hw/ip/entropy_src/dv/env/entropy_src_scoreboard.sv
hw/ip/entropy_src/dv/env/entropy_src_virtual_sequencer.sv
hw/ip/entropy_src/dv/env/seq_lib/entropy_src_base_vseq.sv
hw/ip/entropy_src/dv/env/seq_lib/entropy_src_common_vseq.sv
hw/ip/entropy_src/dv/env/seq_lib/entropy_src_sanity_vseq.sv
hw/ip/entropy_src/dv/sva/entropy_src_bind.sv
hw/ip/entropy_src/dv/tb/tb.sv
hw/ip/entropy_src/dv/tests/entropy_src_base_test.sv
hw/ip/entropy_src/pre_dv/entropy_src_tb.sv
hw/ip/flash_ctrl/dv/env/flash_ctrl_env.sv
hw/ip/flash_ctrl/dv/env/flash_ctrl_env_cfg.sv
hw/ip/flash_ctrl/dv/env/flash_ctrl_env_cov.sv
hw/ip/flash_ctrl/dv/env/flash_ctrl_env_pkg.sv
hw/ip/flash_ctrl/dv/env/flash_ctrl_scoreboard.sv
hw/ip/flash_ctrl/dv/env/flash_ctrl_seq_cfg.sv
hw/ip/flash_ctrl/dv/env/flash_ctrl_virtual_sequencer.sv
hw/ip/flash_ctrl/dv/env/flash_mem_addr_attrs.sv
hw/ip/flash_ctrl/dv/env/seq_lib/flash_ctrl_base_vseq.sv
hw/ip/flash_ctrl/dv/env/seq_lib/flash_ctrl_rand_ops_vseq.sv
hw/ip/flash_ctrl/dv/sva/flash_ctrl_bind.sv
hw/ip/flash_ctrl/dv/tb/flash_ctrl_wrapper.sv
hw/ip/flash_ctrl/dv/tests/flash_ctrl_base_test.sv
hw/ip/gpio/dv/env/gpio_env.sv
hw/ip/gpio/dv/env/gpio_env_cfg.sv
hw/ip/gpio/dv/env/gpio_env_cov.sv
hw/ip/gpio/dv/env/gpio_env_pkg.sv
hw/ip/gpio/dv/env/gpio_scoreboard.sv
hw/ip/gpio/dv/env/seq_lib/gpio_base_vseq.sv
hw/ip/gpio/dv/env/seq_lib/gpio_common_vseq.sv
hw/ip/gpio/dv/env/seq_lib/gpio_dout_din_regs_random_rw_vseq.sv
hw/ip/gpio/dv/env/seq_lib/gpio_filter_stress_vseq.sv
hw/ip/gpio/dv/env/seq_lib/gpio_full_random_vseq.sv
hw/ip/gpio/dv/env/seq_lib/gpio_intr_rand_pgm_vseq.sv
hw/ip/gpio/dv/env/seq_lib/gpio_intr_with_filter_rand_intr_event_vseq.sv
hw/ip/gpio/dv/env/seq_lib/gpio_rand_intr_trigger_vseq.sv
hw/ip/gpio/dv/env/seq_lib/gpio_random_dout_din_vseq.sv
hw/ip/gpio/dv/env/seq_lib/gpio_random_long_reg_writes_reg_reads_vseq.sv
hw/ip/gpio/dv/env/seq_lib/gpio_sanity_vseq.sv
hw/ip/gpio/dv/env/seq_lib/gpio_stress_all_vseq.sv
hw/ip/gpio/dv/sva/gpio_bind.sv
hw/ip/gpio/dv/tb/tb.sv
hw/ip/gpio/dv/tests/gpio_base_test.sv
hw/ip/hmac/dv/cryptoc_dpi/cryptoc_dpi_pkg.sv
hw/ip/hmac/dv/env/hmac_env.sv
hw/ip/hmac/dv/env/hmac_env_cfg.sv
hw/ip/hmac/dv/env/hmac_env_cov.sv
hw/ip/hmac/dv/env/hmac_env_pkg.sv
hw/ip/hmac/dv/env/hmac_scoreboard.sv
hw/ip/hmac/dv/env/seq_lib/hmac_back_pressure_vseq.sv
hw/ip/hmac/dv/env/seq_lib/hmac_base_vseq.sv
hw/ip/hmac/dv/env/seq_lib/hmac_common_vseq.sv
hw/ip/hmac/dv/env/seq_lib/hmac_datapath_stress_vseq.sv
hw/ip/hmac/dv/env/seq_lib/hmac_long_msg_vseq.sv
hw/ip/hmac/dv/env/seq_lib/hmac_sanity_vseq.sv
hw/ip/hmac/dv/env/seq_lib/hmac_stress_all_vseq.sv
hw/ip/hmac/dv/env/seq_lib/hmac_test_vectors_hmac_vseq.sv
hw/ip/hmac/dv/env/seq_lib/hmac_test_vectors_sha_vseq.sv
hw/ip/hmac/dv/sva/hmac_bind.sv
hw/ip/hmac/dv/tb/tb.sv
hw/ip/hmac/dv/tests/hmac_base_test.sv
hw/ip/i2c/dv/env/i2c_env.sv
hw/ip/i2c/dv/env/i2c_env_cfg.sv
hw/ip/i2c/dv/env/i2c_env_cov.sv
hw/ip/i2c/dv/env/i2c_env_pkg.sv
hw/ip/i2c/dv/env/i2c_scoreboard.sv
hw/ip/i2c/dv/env/i2c_virtual_sequencer.sv
hw/ip/i2c/dv/env/seq_lib/i2c_base_vseq.sv
hw/ip/i2c/dv/env/seq_lib/i2c_common_vseq.sv
hw/ip/i2c/dv/env/seq_lib/i2c_fifo_full_vseq.sv
hw/ip/i2c/dv/env/seq_lib/i2c_fifo_overflow_vseq.sv
hw/ip/i2c/dv/env/seq_lib/i2c_fifo_watermark_vseq.sv
hw/ip/i2c/dv/env/seq_lib/i2c_override_vseq.sv
hw/ip/i2c/dv/env/seq_lib/i2c_perf_vseq.sv
hw/ip/i2c/dv/env/seq_lib/i2c_rx_tx_vseq.sv
hw/ip/i2c/dv/env/seq_lib/i2c_sanity_vseq.sv
hw/ip/i2c/dv/env/seq_lib/i2c_stretch_timeout_vseq.sv
hw/ip/i2c/dv/sva/i2c_bind.sv
hw/ip/i2c/dv/tb/tb.sv
hw/ip/i2c/dv/tests/i2c_base_test.sv
hw/ip/nmi_gen/dv/env/nmi_gen_reg_block.sv
hw/ip/otbn/dv/verilator/otbn_top_sim.sv
hw/ip/otp_ctrl/dv/sva/otp_ctrl_bind.sv
hw/ip/prim/dv/prim_lfsr/tb/prim_lfsr_tb.sv
hw/ip/prim/dv/prim_present/crypto_dpi_present/crypto_dpi_present_pkg.sv
hw/ip/prim/dv/prim_present/tb/prim_present_tb.sv
hw/ip/prim/pre_dv/prim_sync_reqack/rtl/prim_sync_reqack_tb.sv
hw/ip/prim/rtl/prim_ram_1p_adv.sv
hw/ip/prim/rtl/prim_ram_2p_adv.sv
hw/ip/prim/rtl/prim_ram_2p_async_adv.sv
hw/ip/prim/rtl/prim_rom_adv.sv
hw/ip/pwrmgr/dv/sva/pwrmgr_bind.sv
hw/ip/rv_core_ibex/dv/sva/rv_core_ibex_bind.sv
hw/ip/rv_dm/dv/agent/rjtag_agent.sv
hw/ip/rv_dm/dv/agent/rjtag_driver.sv
hw/ip/rv_dm/dv/agent/rjtag_monitor.sv
hw/ip/rv_dm/dv/agent/rjtag_sequencer.sv
hw/ip/rv_dm/dv/env/rv_dm_env.sv
hw/ip/rv_dm/dv/env/rv_dm_env_cfg.sv
hw/ip/rv_dm/dv/env/rv_dm_env_cov.sv
hw/ip/rv_dm/dv/env/rv_dm_if.sv
hw/ip/rv_dm/dv/env/rv_dm_params_pkg.sv
hw/ip/rv_dm/dv/env/rv_dm_scoreboard.sv
hw/ip/rv_dm/dv/env/rv_dm_virtual_sequencer.sv
hw/ip/rv_dm/dv/env/seq_lib/rv_dm_base_vseq.sv
hw/ip/rv_dm/dv/env/seq_lib/rv_dm_csr_vseq.sv
hw/ip/rv_dm/dv/jtag_if.sv
hw/ip/rv_dm/dv/scoreboard/rjtag_scoreboard.sv
hw/ip/rv_dm/dv/seq/rjtag_seq_item.sv
hw/ip/rv_dm/dv/sva/rv_dm_bind.sv
hw/ip/rv_dm/dv/tb.sv
hw/ip/rv_dm/dv/tb/tb.sv
hw/ip/rv_dm/dv/test/riscv_jtag_sba_test.sv
hw/ip/rv_dm/dv/tests/rv_dm_base_test.sv
hw/ip/rv_timer/dv/env/rv_timer_env.sv
hw/ip/rv_timer/dv/env/rv_timer_env_cfg.sv
hw/ip/rv_timer/dv/env/rv_timer_env_cov.sv
hw/ip/rv_timer/dv/env/rv_timer_env_pkg.sv
hw/ip/rv_timer/dv/env/seq_lib/rv_timer_cfg_update_on_fly_vseq.sv
hw/ip/rv_timer/dv/env/seq_lib/rv_timer_common_vseq.sv
hw/ip/rv_timer/dv/env/seq_lib/rv_timer_disabled_vseq.sv
hw/ip/rv_timer/dv/env/seq_lib/rv_timer_random_reset_vseq.sv
hw/ip/rv_timer/dv/env/seq_lib/rv_timer_sanity_vseq.sv
hw/ip/rv_timer/dv/env/seq_lib/rv_timer_stress_all_vseq.sv
hw/ip/rv_timer/dv/sva/rv_timer_bind.sv
hw/ip/rv_timer/dv/tb/tb.sv
hw/ip/rv_timer/dv/tests/rv_timer_base_test.sv
hw/ip/spi_device/dv/env/seq_lib/spi_device_base_vseq.sv
hw/ip/spi_device/dv/env/seq_lib/spi_device_common_vseq.sv
hw/ip/spi_device/dv/env/seq_lib/spi_device_dummy_item_extra_dly_vseq.sv
hw/ip/spi_device/dv/env/seq_lib/spi_device_extreme_fifo_size_vseq.sv
hw/ip/spi_device/dv/env/seq_lib/spi_device_fifo_full_vseq.sv
hw/ip/spi_device/dv/env/seq_lib/spi_device_fifo_underflow_overflow_vseq.sv
hw/ip/spi_device/dv/env/seq_lib/spi_device_intr_vseq.sv
hw/ip/spi_device/dv/env/seq_lib/spi_device_sanity_vseq.sv
hw/ip/spi_device/dv/env/seq_lib/spi_device_txrx_vseq.sv
hw/ip/spi_device/dv/env/spi_device_env.sv
hw/ip/spi_device/dv/env/spi_device_env_cfg.sv
hw/ip/spi_device/dv/env/spi_device_env_cov.sv
hw/ip/spi_device/dv/env/spi_device_env_pkg.sv
hw/ip/spi_device/dv/env/spi_device_scoreboard.sv
hw/ip/spi_device/dv/env/spi_device_virtual_sequencer.sv
hw/ip/spi_device/dv/sva/spi_device_bind.sv
hw/ip/spi_device/dv/tb/tb.sv
hw/ip/spi_device/dv/tests/spi_device_base_test.sv
hw/ip/tlul/generic_dv/env/seq_lib/xbar_access_same_device_vseq.sv
hw/ip/tlul/generic_dv/env/seq_lib/xbar_base_vseq.sv
hw/ip/tlul/generic_dv/env/seq_lib/xbar_stress_all_vseq.sv
hw/ip/tlul/generic_dv/env/seq_lib/xbar_stress_all_with_rand_reset_vseq.sv
hw/ip/tlul/generic_dv/env/seq_lib/xbar_tl_host_seq.sv
hw/ip/tlul/generic_dv/env/xbar_env.sv
hw/ip/tlul/generic_dv/env/xbar_env_cfg.sv
hw/ip/tlul/generic_dv/env/xbar_env_cov.sv
hw/ip/tlul/generic_dv/env/xbar_env_pkg.sv
hw/ip/tlul/generic_dv/env/xbar_scoreboard.sv
hw/ip/tlul/generic_dv/env/xbar_virtual_sequencer.sv
hw/ip/tlul/generic_dv/tb/tb.sv
hw/ip/tlul/generic_dv/tests/xbar_base_test.sv
hw/ip/tlul/generic_dv/tests/xbar_test_pkg.sv
hw/ip/trial1/dv/bus_pkg.sv
hw/ip/trial1/dv/tb.sv
hw/ip/trial1/dv/trial1_test.sv
hw/ip/uart/dv/env/seq_lib/uart_common_vseq.sv
hw/ip/uart/dv/env/seq_lib/uart_fifo_full_vseq.sv
hw/ip/uart/dv/env/seq_lib/uart_fifo_reset_vseq.sv
hw/ip/uart/dv/env/seq_lib/uart_intr_vseq.sv
hw/ip/uart/dv/env/seq_lib/uart_loopback_vseq.sv
hw/ip/uart/dv/env/seq_lib/uart_noise_filter_vseq.sv
hw/ip/uart/dv/env/seq_lib/uart_perf_vseq.sv
hw/ip/uart/dv/env/seq_lib/uart_rx_oversample_vseq.sv
hw/ip/uart/dv/env/seq_lib/uart_rx_parity_err_vseq.sv
hw/ip/uart/dv/env/seq_lib/uart_rx_start_bit_filter_vseq.sv
hw/ip/uart/dv/env/seq_lib/uart_sanity_vseq.sv
hw/ip/uart/dv/env/seq_lib/uart_stress_all_vseq.sv
hw/ip/uart/dv/env/seq_lib/uart_tx_ovrd_vseq.sv
hw/ip/uart/dv/env/seq_lib/uart_tx_rx_vseq.sv
hw/ip/uart/dv/env/uart_env.sv
hw/ip/uart/dv/env/uart_env_cfg.sv
hw/ip/uart/dv/env/uart_env_cov.sv
hw/ip/uart/dv/env/uart_env_pkg.sv
hw/ip/uart/dv/env/uart_scoreboard.sv
hw/ip/uart/dv/env/uart_virtual_sequencer.sv
hw/ip/uart/dv/sva/uart_bind.sv
hw/ip/uart/dv/tb/tb.sv
hw/ip/uart/dv/tests/uart_base_test.sv
hw/ip/usbdev/dv/env/seq_lib/usbdev_base_vseq.sv
hw/ip/usbdev/dv/env/seq_lib/usbdev_common_vseq.sv
hw/ip/usbdev/dv/env/usbdev_env.sv
hw/ip/usbdev/dv/env/usbdev_env_cfg.sv
hw/ip/usbdev/dv/env/usbdev_env_cov.sv
hw/ip/usbdev/dv/env/usbdev_scoreboard.sv
hw/ip/usbdev/dv/env/usbdev_virtual_sequencer.sv
hw/ip/usbdev/dv/sva/usbdev_bind.sv
hw/ip/usbdev/dv/tb/tb.sv
hw/ip/usbdev/dv/tests/usbdev_base_test.sv
hw/ip/usbuart/dv/sva/usbuart_bind.sv
hw/top_earlgrey/dv/env/chip_env.sv
hw/top_earlgrey/dv/env/chip_env_cfg.sv
hw/top_earlgrey/dv/env/chip_env_cov.sv
hw/top_earlgrey/dv/env/chip_env_pkg.sv
hw/top_earlgrey/dv/env/chip_scoreboard.sv
hw/top_earlgrey/dv/env/chip_tl_seq_item.sv
hw/top_earlgrey/dv/env/chip_virtual_sequencer.sv
hw/top_earlgrey/dv/env/seq_lib/chip_base_vseq.sv
hw/top_earlgrey/dv/env/seq_lib/chip_common_vseq.sv
hw/top_earlgrey/dv/env/seq_lib/chip_sw_base_vseq.sv
hw/top_earlgrey/dv/env/seq_lib/chip_sw_gpio_vseq.sv
hw/top_earlgrey/dv/env/seq_lib/chip_sw_uart_tx_rx_vseq.sv
hw/top_earlgrey/dv/env/sw_test_status_pkg.sv
hw/top_earlgrey/dv/tb/chip_hier_macros.svh
hw/top_earlgrey/dv/tb/tb.sv
hw/top_earlgrey/dv/tests/chip_base_test.sv
hw/top_earlgrey/ip/xbar_main/dv/autogen/xbar_main_bind.sv
hw/top_earlgrey/ip/xbar_peri/dv/autogen/xbar_peri_bind.sv
hw/vendor/lowrisc_ibex/vendor/google_riscv-dv/src/dv_defines.svh
hw/vendor/lowrisc_ibex/vendor/google_riscv-dv/src/isa/custom/riscv_custom_instr.sv
hw/vendor/lowrisc_ibex/vendor/google_riscv-dv/src/isa/riscv_amo_instr.sv
hw/vendor/lowrisc_ibex/vendor/google_riscv-dv/src/isa/riscv_compressed_instr.sv
hw/vendor/lowrisc_ibex/vendor/google_riscv-dv/src/isa/riscv_floating_point_instr.sv
hw/vendor/lowrisc_ibex/vendor/google_riscv-dv/src/isa/riscv_instr.sv
hw/vendor/lowrisc_ibex/vendor/google_riscv-dv/src/isa/riscv_vector_instr.sv
hw/vendor/lowrisc_ibex/vendor/google_riscv-dv/src/isa/rv128c_instr.sv
hw/vendor/lowrisc_ibex/vendor/google_riscv-dv/src/isa/rv32a_instr.sv
hw/vendor/lowrisc_ibex/vendor/google_riscv-dv/src/isa/rv32b_instr.sv
hw/vendor/lowrisc_ibex/vendor/google_riscv-dv/src/isa/rv32c_instr.sv
hw/vendor/lowrisc_ibex/vendor/google_riscv-dv/src/isa/rv32d_instr.sv
hw/vendor/lowrisc_ibex/vendor/google_riscv-dv/src/isa/rv32dc_instr.sv
hw/vendor/lowrisc_ibex/vendor/google_riscv-dv/src/isa/rv32f_instr.sv
hw/vendor/lowrisc_ibex/vendor/google_riscv-dv/src/isa/rv32fc_instr.sv
hw/vendor/lowrisc_ibex/vendor/google_riscv-dv/src/isa/rv32i_instr.sv
hw/vendor/lowrisc_ibex/vendor/google_riscv-dv/src/isa/rv32m_instr.sv
hw/vendor/lowrisc_ibex/vendor/google_riscv-dv/src/isa/rv32v_instr.sv
hw/vendor/lowrisc_ibex/vendor/google_riscv-dv/src/isa/rv64a_instr.sv
hw/vendor/lowrisc_ibex/vendor/google_riscv-dv/src/isa/rv64b_instr.sv
hw/vendor/lowrisc_ibex/vendor/google_riscv-dv/src/isa/rv64c_instr.sv
hw/vendor/lowrisc_ibex/vendor/google_riscv-dv/src/isa/rv64d_instr.sv
hw/vendor/lowrisc_ibex/vendor/google_riscv-dv/src/isa/rv64f_instr.sv
hw/vendor/lowrisc_ibex/vendor/google_riscv-dv/src/isa/rv64i_instr.sv
hw/vendor/lowrisc_ibex/vendor/google_riscv-dv/src/isa/rv64m_instr.sv
hw/vendor/lowrisc_ibex/vendor/google_riscv-dv/src/riscv_amo_instr_lib.sv
hw/vendor/lowrisc_ibex/vendor/google_riscv-dv/src/riscv_asm_program_gen.sv
hw/vendor/lowrisc_ibex/vendor/google_riscv-dv/src/riscv_callstack_gen.sv
hw/vendor/lowrisc_ibex/vendor/google_riscv-dv/src/riscv_data_page_gen.sv
hw/vendor/lowrisc_ibex/vendor/google_riscv-dv/src/riscv_debug_rom_gen.sv
hw/vendor/lowrisc_ibex/vendor/google_riscv-dv/src/riscv_defines.svh
hw/vendor/lowrisc_ibex/vendor/google_riscv-dv/src/riscv_directed_instr_lib.sv
hw/vendor/lowrisc_ibex/vendor/google_riscv-dv/src/riscv_illegal_instr.sv
hw/vendor/lowrisc_ibex/vendor/google_riscv-dv/src/riscv_instr_gen_config.sv
hw/vendor/lowrisc_ibex/vendor/google_riscv-dv/src/riscv_instr_sequence.sv
hw/vendor/lowrisc_ibex/vendor/google_riscv-dv/src/riscv_instr_stream.sv
hw/vendor/lowrisc_ibex/vendor/google_riscv-dv/src/riscv_load_store_instr_lib.sv
hw/vendor/lowrisc_ibex/vendor/google_riscv-dv/src/riscv_loop_instr.sv
hw/vendor/lowrisc_ibex/vendor/google_riscv-dv/src/riscv_page_table.sv
hw/vendor/lowrisc_ibex/vendor/google_riscv-dv/src/riscv_page_table_entry.sv
hw/vendor/lowrisc_ibex/vendor/google_riscv-dv/src/riscv_page_table_exception_cfg.sv
hw/vendor/lowrisc_ibex/vendor/google_riscv-dv/src/riscv_page_table_list.sv
hw/vendor/lowrisc_ibex/vendor/google_riscv-dv/src/riscv_pmp_cfg.sv
hw/vendor/lowrisc_ibex/vendor/google_riscv-dv/src/riscv_privil_reg.sv
hw/vendor/lowrisc_ibex/vendor/google_riscv-dv/src/riscv_privileged_common_seq.sv
hw/vendor/lowrisc_ibex/vendor/google_riscv-dv/src/riscv_pseudo_instr.sv
hw/vendor/lowrisc_ibex/vendor/google_riscv-dv/src/riscv_reg.sv
hw/vendor/lowrisc_ibex/vendor/google_riscv-dv/src/riscv_signature_pkg.sv
hw/vendor/lowrisc_ibex/vendor/google_riscv-dv/src/riscv_vector_cfg.sv
hw/vendor/lowrisc_ibex/vendor/google_riscv-dv/test/riscv_instr_base_test.sv
hw/vendor/lowrisc_ibex/vendor/google_riscv-dv/test/riscv_instr_cov_test.sv
hw/vendor/lowrisc_ibex/vendor/google_riscv-dv/test/riscv_instr_test.sv
hw/vendor/lowrisc_ibex/vendor/google_riscv-dv/test/riscv_instr_test_lib.sv
